Microchip MPLAB XC8 Compiler V1.36 ()

Linker command line:

-W-3 --edf=/opt/microchip/xc8/v1.36/dat/en_msgs.txt -cs \
  -h+dist/default/production/leds_allinmainn.X.production.sym \
  --cmf=dist/default/production/leds_allinmainn.X.production.cmf -z \
  -Q12F675 -o/tmp/xcXhhLZfY \
  -Mdist/default/production/leds_allinmainn.X.production.map -E1 -ver=XC8 \
  -ASTACK=02Fh-05dh -pstack=STACK -ACODE=00h-03FEh -ASTRCODE=00h-03FEh \
  -ASTRING=00h-0FFhx3,0300h-03FEh -ACONST=00h-0FFhx3,0300h-03FEh \
  -AENTRY=00h-0FFhx3,0300h-03FEh -ABANK0=020h-05Dh -ARAM=020h-05Dh \
  -AABS1=020h-05Fh -ACOMMON=05Eh-05Fh -ASFR0=00h-01Fh -ASFR1=080h-0DDh \
  -preset_vec=00h,intentry,init,end_init -ppowerup=CODE -pcinit=CODE \
  -pfunctab=CODE -ACONFIG=02007h-02007h -pconfig=CONFIG -DCONFIG=2 \
  -AIDLOC=02000h-02003h -pidloc=IDLOC -DIDLOC=2 -AEEDATA=00h-07Fh/02100h \
  -peeprom_data=EEDATA -DEEDATA=2 -posccal=03FFh -DCODE=2 -DSTRCODE=2 \
  -DSTRING=2 -DCONST=2 -DENTRY=2 -k /tmp/xcXEHmnZF.obj \
  dist/default/production/leds_allinmainn.X.production.obj 

Object code version is 3.11

Machine type is 12F675



                Name                               Link     Load   Length Selector   Space Scale
/tmp/xcXEHmnZF.obj
                end_init                              0        0        1        0       0
                config                             2007     2007        1     400E       0
dist/default/production/leds_allinmainn.X.production.obj
                cinit                               3FB      3FB        4      7F6       0
                text8                                90       90       19      120       0
                text7                                F9       F9       37      1F2       0
                text6                                7B       7B       15       F6       0
                text5                               338      338       C3      670       0
                text4                               1CF      1CF       AD      39E       0
                text3                               130      130       9F      260       0
                text2                                A9       A9       27      152       0
                swtext1                               1        1        5        2       0
                text1                               27C      27C       BC      4F8       0
                maintext                             D0       D0       29      1A0       0
                cstackBANK0                          20       20        D       20       1
                bssBANK0                             2D       2D        2       20       1

TOTAL           Name                               Link     Load   Length     Space
        CLASS   STACK          

        CLASS   CODE           
                end_init                              0        0        1         0
                cinit                               3FB      3FB        4         0
                text8                                90       90       19         0
                text7                                F9       F9       37         0
                text6                                7B       7B       15         0
                text5                               338      338       C3         0
                text4                               1CF      1CF       AD         0
                text3                               130      130       9F         0
                text2                                A9       A9       27         0
                text1                               27C      27C       BC         0
                maintext                             D0       D0       29         0

        CLASS   STRCODE        

        CLASS   STRING         

        CLASS   CONST          
                swtext1                               1        1        5         0

        CLASS   ENTRY          

        CLASS   BANK0          
                cstackBANK0                          20       20        D         1
                bssBANK0                             2D       2D        2         1

        CLASS   RAM            

        CLASS   ABS1           
                abs_s1                               5E       5E        2         1

        CLASS   COMMON         

        CLASS   SFR0           

        CLASS   SFR1           

        CLASS   CONFIG         
                config                             2007     2007        1         0

        CLASS   IDLOC          

        CLASS   EEDATA         

        CLASS   BANK1          



SEGMENTS        Name                           Load    Length   Top    Selector   Space  Class     Delta

                reset_vec                      000000  000001  000001         0       0  CODE        2
                swtext1                        000001  000005  000006         2       0  CONST       2
                cstackBANK0                    000020  00000F  00002F        20       1  BANK0       1
                text6                          00007B  000015  000090        F6       0  CODE        2
                text8                          000090  000019  0000A9       120       0  CODE        2
                text2                          0000A9  000027  0000D0       152       0  CODE        2
                maintext                       0000D0  000029  0000F9       1A0       0  CODE        2
                text7                          0000F9  000037  000130       1F2       0  CODE        2
                text3                          000130  00009F  0001CF       260       0  CODE        2
                text4                          0001CF  0000AD  00027C       39E       0  CODE        2
                text1                          00027C  0000BC  000338       4F8       0  CODE        2
                text5                          000338  0000C3  0003FB       670       0  CODE        2
                cinit                          0003FB  000004  0003FF       7F6       0  CODE        2
                config                         002007  000001  002008      400E       0  CONFIG      2


UNUSED ADDRESS RANGES

        Name                Unused          Largest block    Delta
        BANK0            002F-005D             2F           1
        CODE             0006-007A             75           2
        CONST            0006-007A             75           2
        EEDATA           2100-217F             80           2
        ENTRY            0006-007A             75           2
        IDLOC            2000-2003              4           2
        RAM              002F-005D             2F           1
        SFR0             0000-001F             20           1
        SFR1             0080-00DD             5E           1
        STACK            002F-005D             2F           1
        STRCODE          0006-007A             75           2
        STRING           0006-007A             75           2

                                  Symbol Table

?_GetADCValue                                  cstackBANK0 0020
GetADCValue@Channel                            cstackBANK0 0024
InitADC@Channel                                cstackBANK0 0021
_ADCON0                                        (abs)       001F
_ADRESH                                        (abs)       001E
_ADRESL                                        (abs)       009E
_ANSEL                                         (abs)       009F
_CMCON                                         (abs)       0019
_GO_nDONE                                      (abs)       00F9
_GPIO                                          (abs)       0005
_GetADCValue                                   text7       00F9
_InitADC                                       text8       0090
_TRISIO                                        (abs)       0085
_VRCON                                         (abs)       0099
__CFG_BOREN$OFF                                (abs)       0000
__CFG_CP$OFF                                   (abs)       0000
__CFG_CPD$OFF                                  (abs)       0000
__CFG_FOSC$INTRCIO                             (abs)       0000
__CFG_MCLRE$OFF                                (abs)       0000
__CFG_PWRTE$OFF                                (abs)       0000
__CFG_WDTE$OFF                                 (abs)       0000
__Habs1                                        abs1        07FE
__Hbank0                                       bank0       07FE
__Hbank1                                       bank1       07FE
__HbssBANK0                                    bssBANK0    07FE
__Hcinit                                       cinit       03FF
__Hclrtext                                     clrtext     07FE
__Hcode                                        code        07FE
__Hcommon                                      common      07FE
__Hconfig                                      config      2008
__HcstackBANK0                                 cstackBANK0 07FE
__Heeprom_data                                 eeprom_data 0000
__Hend_init                                    end_init    0001
__Hfunctab                                     functab     0000
__Hidloc                                       idloc       0000
__Hinit                                        init        0000
__Hintentry                                    intentry    0000
__Hmaintext                                    maintext    07FE
__Hosccal                                      osccal      03FF
__Hpowerup                                     powerup     0000
__Hram                                         ram         07FE
__Hreset_vec                                   reset_vec   0000
__Hsfr0                                        sfr0        07FE
__Hsfr1                                        sfr1        07FE
__Hspace_0                                     (abs)       2008
__Hspace_1                                     (abs)       07FE
__Hspace_2                                     (abs)       0000
__Hspace_3                                     (abs)       0000
__Hstack                                       stack       0000
__Hstrings                                     strings     07FE
__Htext                                        text        07FE
__Labs1                                        abs1        07FE
__Lbank0                                       bank0       07FE
__Lbank1                                       bank1       07FE
__LbssBANK0                                    bssBANK0    07FE
__Lcinit                                       cinit       03FB
__Lclrtext                                     clrtext     07FE
__Lcode                                        code        07FE
__Lcommon                                      common      07FE
__Lconfig                                      config      2007
__LcstackBANK0                                 cstackBANK0 07FE
__Leeprom_data                                 eeprom_data 0000
__Lend_init                                    end_init    0000
__Lfunctab                                     functab     0000
__Lidloc                                       idloc       0000
__Linit                                        init        0000
__Lintentry                                    intentry    0000
__Lmaintext                                    maintext    07FE
__Losccal                                      osccal      03FF
__Lpowerup                                     powerup     0000
__Lram                                         ram         07FE
__Lreset_vec                                   reset_vec   0000
__Lsfr0                                        sfr0        07FE
__Lsfr1                                        sfr1        07FE
__Lspace_0                                     (abs)       0000
__Lspace_1                                     (abs)       0000
__Lspace_2                                     (abs)       0000
__Lspace_3                                     (abs)       0000
__Lstack                                       stack       0000
__Lstrings                                     strings     07FE
__Ltext                                        text        07FE
__S0                                           (abs)       2008
__S1                                           (abs)       002F
__S2                                           (abs)       0000
__S3                                           (abs)       0000
___int_sp                                      stack       0000
___latbits                                     (abs)       0000
___osccal_val                                  osccal      03FF
___sp                                          stack       0000
__end_of_GetADCValue                           text7       0130
__end_of_InitADC                               text8       00A9
__end_of__initialization                       cinit       03FD
__end_of_forwardBackStepByStep                 text5       03FB
__end_of_forwardBackStepByStepReverse          text4       027C
__end_of_forwardBackwordLightOneOnlyAndRevese  text3       01CF
__end_of_gpio_init                             text2       00D0
__end_of_main                                  maintext    00F9
__end_of_my_delay_ms                           text6       0090
__end_of_togaleLeds                            text1       0338
__initialization                               cinit       03FB
__pbssBANK0                                    bssBANK0    002D
__pcstackBANK0                                 cstackBANK0 0020
__pmaintext                                    maintext    00D0
__pswtext1                                     swtext1     0001
__ptext1                                       text1       027C
__ptext2                                       text2       00A9
__ptext3                                       text3       0130
__ptext4                                       text4       01CF
__ptext5                                       text5       0338
__ptext6                                       text6       007B
__ptext7                                       text7       00F9
__ptext8                                       text8       0090
__size_of_GetADCValue                          (abs)       0000
__size_of_InitADC                              (abs)       0000
__size_of_forwardBackStepByStep                (abs)       0000
__size_of_forwardBackStepByStepReverse         (abs)       0000
__size_of_forwardBackwordLightOneOnlyAndRevese (abs)       0000
__size_of_gpio_init                            (abs)       0000
__size_of_main                                 (abs)       0000
__size_of_my_delay_ms                          (abs)       0000
__size_of_togaleLeds                           (abs)       0000
_delay_val                                     bssBANK0    002D
_forwardBackStepByStep                         text5       0338
_forwardBackStepByStepReverse                  text4       01CF
_forwardBackwordLightOneOnlyAndRevese          text3       0130
_gpio_init                                     text2       00A9
_main                                          maintext    00D0
_my_delay_ms                                   text6       007B
_togaleLeds                                    text1       027C
btemp                                          (abs)       005E
end_of_initialization                          cinit       03FD
forwardBackStepByStep@count                    cstackBANK0 0028
forwardBackStepByStep@flage                    cstackBANK0 0027
forwardBackStepByStep@i                        cstackBANK0 0029
forwardBackStepByStep@i_79                     cstackBANK0 002A
forwardBackStepByStepReverse@count             cstackBANK0 0027
forwardBackStepByStepReverse@flage             cstackBANK0 0028
forwardBackStepByStepReverse@i                 cstackBANK0 0029
forwardBackStepByStepReverse@i_84              cstackBANK0 002A
forwardBackwordLightOneOnlyAndRevese@count     cstackBANK0 0027
forwardBackwordLightOneOnlyAndRevese@flage     cstackBANK0 0028
forwardBackwordLightOneOnlyAndRevese@i         cstackBANK0 0029
forwardBackwordLightOneOnlyAndRevese@i_103     cstackBANK0 002A
intlevel0                                      functab     0000
intlevel1                                      functab     0000
intlevel2                                      functab     0000
intlevel3                                      functab     0000
intlevel4                                      functab     0000
intlevel5                                      functab     0000
ltemp                                          (abs)       005E
ltemp0                                         (abs)       005E
ltemp1                                         (abs)       0062
ltemp2                                         (abs)       0066
ltemp3                                         (abs)       0060
my_delay_ms@n                                  cstackBANK0 0020
reset_vec                                      reset_vec   0000
stackhi                                        (abs)       0000
stacklo                                        (abs)       0000
start                                          init        0000
start_initialization                           cinit       03FB
togaleLeds@count                               cstackBANK0 0029
togaleLeds@flage                               cstackBANK0 0028
togaleLeds@fristTogaleOrNo                     cstackBANK0 0025
togaleLeds@i                                   cstackBANK0 002A
togaleLeds@i_90                                cstackBANK0 002B
ttemp                                          (abs)       005E
ttemp0                                         (abs)       005E
ttemp1                                         (abs)       0061
ttemp2                                         (abs)       0064
ttemp3                                         (abs)       0067
ttemp4                                         (abs)       005F
wtemp                                          (abs)       005E
wtemp0                                         (abs)       005E
wtemp1                                         (abs)       0060
wtemp2                                         (abs)       0062
wtemp3                                         (abs)       0064
wtemp4                                         (abs)       0066
wtemp5                                         (abs)       0068
wtemp6                                         (abs)       005F


FUNCTION INFORMATION:

 *************** function _main *****************
 Defined at:
		line 116 in file "main.c"
 Parameters:    Size  Location     Type
		None
 Auto vars:     Size  Location     Type
		None
 Return value:  Size  Location     Type
                  1    wreg      void 
 Registers used:
		wreg, fsr0l, fsr0h, status,2, status,0, pclath, cstack
 Tracked objects:
		On entry : 
		On exit  : 
		Unchanged: 
 Data sizes:     COMMON   BANK0
      Params:         0       0
      Locals:         0       0
      Temps:          0       1
      Totals:         0       1
Total ram usage:        1 bytes
 Hardware stack levels required when called:    2
 This function calls:
		_InitADC
		_forwardBackStepByStep
		_forwardBackStepByStepReverse
		_forwardBackwordLightOneOnlyAndRevese
		_gpio_init
		_togaleLeds
 This function is called by:
		Startup code after reset
 This function uses a non-reentrant model


 *************** function _togaleLeds *****************
 Defined at:
		line 314 in file "main.c"
 Parameters:    Size  Location     Type
  flage           1    wreg     unsigned char 
  fristTogaleO    1    5[BANK0 ] unsigned char 
 Auto vars:     Size  Location     Type
  flage           1    8[BANK0 ] unsigned char 
  i               1   11[BANK0 ] unsigned char 
  i               1   10[BANK0 ] unsigned char 
  count           1    9[BANK0 ] unsigned char 
 Return value:  Size  Location     Type
                  1    wreg      void 
 Registers used:
		wreg, fsr0l, fsr0h, status,2, status,0, pclath, cstack
 Tracked objects:
		On entry : 
		On exit  : 
		Unchanged: 
 Data sizes:     COMMON   BANK0
      Params:         0       1
      Locals:         0       4
      Temps:          0       2
      Totals:         0       7
Total ram usage:        7 bytes
 Hardware stack levels used:    1
 Hardware stack levels required when called:    1
 This function calls:
		_GetADCValue
		_my_delay_ms
 This function is called by:
		_main
 This function uses a non-reentrant model


 *************** function _gpio_init *****************
 Defined at:
		line 143 in file "main.c"
 Parameters:    Size  Location     Type
		None
 Auto vars:     Size  Location     Type
		None
 Return value:  Size  Location     Type
                  1    wreg      void 
 Registers used:
		wreg, status,2, status,0
 Tracked objects:
		On entry : 
		On exit  : 
		Unchanged: 
 Data sizes:     COMMON   BANK0
      Params:         0       0
      Locals:         0       0
      Temps:          0       1
      Totals:         0       1
Total ram usage:        1 bytes
 Hardware stack levels used:    1
 This function calls:
		Nothing
 This function is called by:
		_main
 This function uses a non-reentrant model


 *************** function _forwardBackwordLightOneOnlyAndRevese *****************
 Defined at:
		line 454 in file "main.c"
 Parameters:    Size  Location     Type
  flage           1    wreg     unsigned char 
 Auto vars:     Size  Location     Type
  flage           1    8[BANK0 ] unsigned char 
  i               1   10[BANK0 ] unsigned char 
  i               1    9[BANK0 ] unsigned char 
  count           1    7[BANK0 ] unsigned char 
 Return value:  Size  Location     Type
                  1    wreg      void 
 Registers used:
		wreg, fsr0l, fsr0h, status,2, status,0, pclath, cstack
 Tracked objects:
		On entry : 
		On exit  : 
		Unchanged: 
 Data sizes:     COMMON   BANK0
      Params:         0       0
      Locals:         0       4
      Temps:          0       2
      Totals:         0       6
Total ram usage:        6 bytes
 Hardware stack levels used:    1
 Hardware stack levels required when called:    1
 This function calls:
		_GetADCValue
		_my_delay_ms
 This function is called by:
		_main
 This function uses a non-reentrant model


 *************** function _forwardBackStepByStepReverse *****************
 Defined at:
		line 271 in file "main.c"
 Parameters:    Size  Location     Type
  flage           1    wreg     unsigned char 
 Auto vars:     Size  Location     Type
  flage           1    8[BANK0 ] unsigned char 
  i               1   10[BANK0 ] unsigned char 
  i               1    9[BANK0 ] unsigned char 
  count           1    7[BANK0 ] unsigned char 
 Return value:  Size  Location     Type
                  1    wreg      void 
 Registers used:
		wreg, fsr0l, fsr0h, status,2, status,0, pclath, cstack
 Tracked objects:
		On entry : 
		On exit  : 
		Unchanged: 
 Data sizes:     COMMON   BANK0
      Params:         0       0
      Locals:         0       4
      Temps:          0       2
      Totals:         0       6
Total ram usage:        6 bytes
 Hardware stack levels used:    1
 Hardware stack levels required when called:    1
 This function calls:
		_GetADCValue
		_my_delay_ms
 This function is called by:
		_main
 This function uses a non-reentrant model


 *************** function _forwardBackStepByStep *****************
 Defined at:
		line 225 in file "main.c"
 Parameters:    Size  Location     Type
  flage           1    wreg     unsigned char 
 Auto vars:     Size  Location     Type
  flage           1    7[BANK0 ] unsigned char 
  i               1   10[BANK0 ] unsigned char 
  i               1    9[BANK0 ] unsigned char 
  count           1    8[BANK0 ] unsigned char 
 Return value:  Size  Location     Type
                  1    wreg      void 
 Registers used:
		wreg, fsr0l, fsr0h, status,2, status,0, pclath, cstack
 Tracked objects:
		On entry : 
		On exit  : 
		Unchanged: 
 Data sizes:     COMMON   BANK0
      Params:         0       0
      Locals:         0       4
      Temps:          0       2
      Totals:         0       6
Total ram usage:        6 bytes
 Hardware stack levels used:    1
 Hardware stack levels required when called:    1
 This function calls:
		_GetADCValue
		_my_delay_ms
 This function is called by:
		_main
 This function uses a non-reentrant model


 *************** function _my_delay_ms *****************
 Defined at:
		line 217 in file "main.c"
 Parameters:    Size  Location     Type
  n               2    0[BANK0 ] unsigned short 
 Auto vars:     Size  Location     Type
		None
 Return value:  Size  Location     Type
                  1    wreg      void 
 Registers used:
		wreg, status,2, status,0
 Tracked objects:
		On entry : 
		On exit  : 
		Unchanged: 
 Data sizes:     COMMON   BANK0
      Params:         0       2
      Locals:         0       0
      Temps:          0       1
      Totals:         0       3
Total ram usage:        3 bytes
 Hardware stack levels used:    1
 This function calls:
		Nothing
 This function is called by:
		_forwardBackStepByStep
		_forwardBackStepByStepReverse
		_togaleLeds
		_forwardBackwordLightOneOnlyAndRevese
		_forwardBackwordLightOneOnly
		_forwardBackwordLightOneByOne
 This function uses a non-reentrant model


 *************** function _GetADCValue *****************
 Defined at:
		line 187 in file "main.c"
 Parameters:    Size  Location     Type
  Channel         1    wreg     unsigned char 
 Auto vars:     Size  Location     Type
  Channel         1    4[BANK0 ] unsigned char 
 Return value:  Size  Location     Type
                  2    0[BANK0 ] unsigned int 
 Registers used:
		wreg, fsr0l, fsr0h, status,2, status,0
 Tracked objects:
		On entry : 
		On exit  : 
		Unchanged: 
 Data sizes:     COMMON   BANK0
      Params:         0       2
      Locals:         0       1
      Temps:          0       2
      Totals:         0       5
Total ram usage:        5 bytes
 Hardware stack levels used:    1
 This function calls:
		Nothing
 This function is called by:
		_forwardBackStepByStep
		_forwardBackStepByStepReverse
		_togaleLeds
		_forwardBackwordLightOneOnlyAndRevese
		_forwardBackwordLightOneOnly
		_forwardBackwordLightOneByOne
 This function uses a non-reentrant model


 *************** function _InitADC *****************
 Defined at:
		line 166 in file "main.c"
 Parameters:    Size  Location     Type
  Channel         1    wreg     unsigned char 
 Auto vars:     Size  Location     Type
  Channel         1    1[BANK0 ] unsigned char 
 Return value:  Size  Location     Type
                  1    wreg      void 
 Registers used:
		wreg, status,2, status,0
 Tracked objects:
		On entry : 
		On exit  : 
		Unchanged: 
 Data sizes:     COMMON   BANK0
      Params:         0       0
      Locals:         0       1
      Temps:          0       1
      Totals:         0       2
Total ram usage:        2 bytes
 Hardware stack levels used:    1
 This function calls:
		Nothing
 This function is called by:
		_main
 This function uses a non-reentrant model



MODULE INFORMATION

Module		Function		Class		Link	Load	Size
shared
		__initialization		CODE           	03FB	0000	3

shared estimated size: 3

main.c
		_togaleLeds    		CODE           	027C	0000	189
		_forwardBackStepByStepReverse		CODE           	01CF	0000	174
		_forwardBackwordLightOneOnlyAndRevese		CODE           	0130	0000	160
		_main          		CODE           	00D0	0000	42
		_forwardBackStepByStep		CODE           	0338	0000	196
		_InitADC       		CODE           	0090	0000	26
		_GetADCValue   		CODE           	00F9	0000	56
		_gpio_init     		CODE           	00A9	0000	40
		_my_delay_ms   		CODE           	007B	0000	22

main.c estimated size: 905

